Microchip MPLAB XC8 Compiler V2.32

Linker command line:

-W-3 --edf=E:\Program Files\Microchip\xc8\v2.32\pic\dat\en_msgs.txt -cn \
  -h+dist/default/production\Firmware.production.sym \
  --cmf=dist/default/production\Firmware.production.cmf -z -Q18F2620 \
  -oC:\Users\Mateus\AppData\Local\Temp\xcAs5jg.4 --defsym=__MPLAB_BUILD=1 \
  -Mdist/default/production/Firmware.production.map -E1 -ver=XC8 Compiler \
  --acfsm=1493 -ASTACK=080h-0F7Fh -pstack=STACK -ACODE=00h-0FFFFh \
  -ACONST=00h-0FFFFh -ASMALLCONST=01000h-010FFhx240 \
  -AMEDIUMCONST=01000h-0FFFFh -ACOMRAM=01h-07Fh -AABS1=00h-0F7Fh \
  -ABIGRAM=01h-0F7Fh -ARAM=080h-0FFh,0100h-01FFhx14,0F00h-0F7Fh \
  -ABANK0=080h-0FFh -ABANK1=0100h-01FFh -ABANK2=0200h-02FFh \
  -ABANK3=0300h-03FFh -ABANK4=0400h-04FFh -ABANK5=0500h-05FFh \
  -ABANK6=0600h-06FFh -ABANK7=0700h-07FFh -ABANK8=0800h-08FFh \
  -ABANK9=0900h-09FFh -ABANK10=0A00h-0AFFh -ABANK11=0B00h-0BFFh \
  -ABANK12=0C00h-0CFFh -ABANK13=0D00h-0DFFh -ABANK14=0E00h-0EFFh \
  -ABANK15=0F00h-0F7Fh -ASFR=0F80h-0FFFh -ACONFIG=0300000h-030000Dh \
  -AIDLOC=0200000h-0200007h -AEEDATA=0F00000h-0F003FFh -peeprom_data=EEDATA \
  -preset_vec=00h,intcode=08h,intcodelo,powerup,init -pramtop=01000h \
  -psmallconst=SMALLCONST -pmediumconst=MEDIUMCONST -pconst=CONST \
  -AFARRAM=00h-00h \
  -prdata=COMRAM,nvrram=COMRAM,nvbit=COMRAM,rbss=COMRAM,rbit=COMRAM \
  -pfarbss=FARRAM,fardata=FARRAM,nvFARRAM=FARRAM \
  -pintsave_regs=BIGRAM,bigbss=BIGRAM,bigdata=BIGRAM -pbss=RAM \
  -pidata=CODE,irdata=CODE,ibigdata=CODE,ifardata=CODE -prparam=COMRAM \
  C:\Users\Mateus\AppData\Local\Temp\xcAs5jg.o \
  dist/default/production\Firmware.production.o 

Object code version is 3.11

Machine type is 18F2620



                Name                               Link     Load   Length Selector   Space Scale
C:\Users\Mateus\AppData\Local\Temp\xcAs5jg.o
                idloc                            200000   200000        8        0       5
                config                           300000   300000        E        0       4
                init                                  E        E        4        4       0
                reset_vec                             0        0        4        0       0
dist/default/production\Firmware.production.o
                intcode                               8        8        6        4       0
                idloc                            200000   200000        8        0       5
                config                           300000   300000        E        0       4
                temp                                 33       33        1        1       1
                text34                             11DE     11DE        6        4       0
                text33                             11D8     11D8        6        4       0
                text32                             11C2     11C2        C        4       0
                text31                             10FE     10FE       2C        4       0
                text30                             10D2     10D2       2C        4       0
                text29                              56A      56A      14A        4       0
                text28                              CA2      CA2       9A        4       0
                text27                              A58      A58      10A        4       0
                text26                              B62      B62       A6        4       0
                text25                              EC4      EC4       48        4       0
                text24                              E7C      E7C       48        4       0
                text23                              7FA      7FA      146        4       0
                text22                              F52      F52       46        4       0
                text21                              F0C      F0C       46        4       0
                text20                              6B4      6B4      146        4       0
                text19                              D3C      D3C       8E        4       0
                text18                              E28      E28       54        4       0
                text17                              F98      F98       42        4       0
                intcode_body                       104C     104C       2E        4       0
                text15                              FDA      FDA       3A        4       0
                text14                              DCA      DCA       5E        4       0
                text13                             11B6     11B6        C        4       0
                text12                              940      940      118        4       0
                text11                             114A     114A       1E        4       0
                text10                             11CE     11CE        A        4       0
                text9                              1182     1182       16        4       0
                text8                              112A     112A       20        4       0
                text7                              11A8     11A8        E        4       0
                text6                              1168     1168       1A        4       0
                text5                              1198     1198       10        4       0
                text4                              10A6     10A6       2C        4       0
                text3                              107A     107A       2C        4       0
                text2                               420      420      14A        4       0
                text1                               C08      C08       9A        4       0
                text0                                12       12      40E        4       0
                cstackCOMRAM                         1D       1D       13        1       1
                dataCOMRAM                           30       30        3        1       1
                bssCOMRAM                             1        1       1C        1       1
                cinit                              1014     1014       38        4       0
                idataCOMRAM                        11E4     11E4        3        4       0

TOTAL           Name                               Link     Load   Length     Space
        CLASS   STACK          

        CLASS   CODE           
                intcode                               8        8        6         0
                init                                  E        E        4         0
                reset_vec                             0        0        4         0
                text34                             11DE     11DE        6         0
                text33                             11D8     11D8        6         0
                text32                             11C2     11C2        C         0
                text31                             10FE     10FE       2C         0
                text30                             10D2     10D2       2C         0
                text29                              56A      56A      14A         0
                text28                              CA2      CA2       9A         0
                text27                              A58      A58      10A         0
                text26                              B62      B62       A6         0
                text25                              EC4      EC4       48         0
                text24                              E7C      E7C       48         0
                text23                              7FA      7FA      146         0
                text22                              F52      F52       46         0
                text21                              F0C      F0C       46         0
                text20                              6B4      6B4      146         0
                text19                              D3C      D3C       8E         0
                text18                              E28      E28       54         0
                text17                              F98      F98       42         0
                intcode_body                       104C     104C       2E         0
                text15                              FDA      FDA       3A         0
                text14                              DCA      DCA       5E         0
                text13                             11B6     11B6        C         0
                text12                              940      940      118         0
                text11                             114A     114A       1E         0
                text10                             11CE     11CE        A         0
                text9                              1182     1182       16         0
                text8                              112A     112A       20         0
                text7                              11A8     11A8        E         0
                text6                              1168     1168       1A         0
                text5                              1198     1198       10         0
                text4                              10A6     10A6       2C         0
                text3                              107A     107A       2C         0
                text2                               420      420      14A         0
                text1                               C08      C08       9A         0
                text0                                12       12      40E         0
                cinit                              1014     1014       38         0
                idataCOMRAM                        11E4     11E4        3         0

        CLASS   CONST          

        CLASS   SMALLCONST     

        CLASS   MEDIUMCONST    

        CLASS   COMRAM         
                temp                                 33       33        1         1
                cstackCOMRAM                         1D       1D       13         1
                dataCOMRAM                           30       30        3         1
                bssCOMRAM                             1        1       1C         1

        CLASS   ABS1           

        CLASS   BIGRAM         

        CLASS   RAM            

        CLASS   BANK0          

        CLASS   BANK1          

        CLASS   BANK2          

        CLASS   BANK3          

        CLASS   BANK4          

        CLASS   BANK5          

        CLASS   BANK6          

        CLASS   BANK7          

        CLASS   BANK8          

        CLASS   BANK9          

        CLASS   BANK10         

        CLASS   BANK11         

        CLASS   BANK12         

        CLASS   BANK13         

        CLASS   BANK14         

        CLASS   BANK15         

        CLASS   SFR            

        CLASS   CONFIG         
                config                           300000   300000        E         4

        CLASS   IDLOC          
                idloc                            200000   200000        8         5

        CLASS   EEDATA         

        CLASS   FARRAM         



SEGMENTS        Name                           Load    Length   Top    Selector   Space  Class

                reset_vec                      000000  000004  000004         0       0  CODE    
                bssCOMRAM                      000001  000033  000034         1       1  COMRAM  
                intcode                        000008  0011DF  0011E7         4       0  CODE    


UNUSED ADDRESS RANGES

        Name                Unused          Largest block    Delta
        BANK0            000080-0000FF               80
        BANK1            000100-0001FF              100
        BANK10           000A00-000AFF              100
        BANK11           000B00-000BFF              100
        BANK12           000C00-000CFF              100
        BANK13           000D00-000DFF              100
        BANK14           000E00-000EFF              100
        BANK15           000F00-000F7F               80
        BANK2            000200-0002FF              100
        BANK3            000300-0003FF              100
        BANK4            000400-0004FF              100
        BANK5            000500-0005FF              100
        BANK6            000600-0006FF              100
        BANK7            000700-0007FF              100
        BANK8            000800-0008FF              100
        BANK9            000900-0009FF              100
        BIGRAM           000034-000F7F              F4C
        CODE             000004-000007                4
                         0011E7-00FFFF             EE19
        COMRAM           000034-00007F               4C
        CONST            000004-000007                4
                         0011E7-00FFFF             EE19
        EEDATA           F00000-F003FF              400
        MEDIUMCONST      0011E7-00FFFF             EE19
        RAM              000080-000F7F              100
        SFR              000F80-000FFF               80
        SMALLCONST       0011E7-00FFFF              100
        STACK            000080-000F7F              F00

                                  Symbol Table

AddBCD@Number1                cstackCOMRAM 00002A
AddBCD@Number2                cstackCOMRAM 000028
AddBCD@temp                   cstackCOMRAM 00002B
AnalogWrite@value             cstackCOMRAM 000029
BlinkDigit@index              cstackCOMRAM 00002A
ChangeTime@Address            cstackCOMRAM 00001E
ChangeTime@Time               cstackCOMRAM 00001D
DecrementTime@Time            cstackCOMRAM 000021
DecrementTimeHour@Time        cstackCOMRAM 000021
Display@Hours                 cstackCOMRAM 00002D
Display@Lower_Hours           cstackCOMRAM 00002A
Display@Lower_Minutes         cstackCOMRAM 00002C
Display@Minutes               cstackCOMRAM 000028
Display@Upper_Hours           cstackCOMRAM 000029
Display@Upper_Minutes         cstackCOMRAM 00002B
IncrementTime@Time            cstackCOMRAM 000021
IncrementTimeHour@Time        cstackCOMRAM 000021
SubBCD@Number1                cstackCOMRAM 00002A
SubBCD@Number2                cstackCOMRAM 000028
SubBCD@temp                   cstackCOMRAM 00002B
_ACKEN                        (abs)        007E2C
_AddBCD                       text4        0010A6
_AnalogWrite                  text15       000FDA
_Blink                        bssCOMRAM    000011
_BlinkDigit                   text14       000DCA
_Blink_First_Digit            bssCOMRAM    000013
_Blink_Second_Digit           bssCOMRAM    000012
_Buzz                         text13       0011B6
_BuzzerFlag                   bssCOMRAM    000009
_CCP1CON                      (abs)        000FBD
_CCP1CONbits                  (abs)        000FBD
_CCPR1L                       (abs)        000FBE
_ChangeTime                   text26       000B62
_CurrentTime                  bssCOMRAM    00001A
_CurrentValveTime             bssCOMRAM    000004
_CurrentWateringTime          bssCOMRAM    000006
_DecrementTime                text22       000F52
_DecrementTimeHour            text21       000F0C
_Display                      text12       000940
_GPIOconfig                   text11       00114A
_I2Cconfig                    text10       0011CE
_INT0interruption             text27       000A58
_INT1interruption             text23       0007FA
_INT2interruption             text20       0006B4
_INTCON                       (abs)        000FF2
_INTCON2                      (abs)        000FF1
_INTCON3                      (abs)        000FF0
_INTCON3bits                  (abs)        000FF0
_INTCONbits                   (abs)        000FF2
_INTconfig                    text9        001182
_IncrementTime                text25       000EC4
_IncrementTimeHour            text24       000E7C
_LATA                         (abs)        000F89
_LATB                         (abs)        000F8A
_LastSecond                   bssCOMRAM    000008
_MCUconfig                    text6        001168
_MCUinit                      text5        001198
_OSCCON                       (abs)        000FD3
_PEN                          (abs)        007E2A
_PIE1                         (abs)        000F9D
_PIE1bits                     (abs)        000F9D
_PIE2                         (abs)        000FA0
_PIE2bits                     (abs)        000FA0
_PIR1bits                     (abs)        000F9E
_PIR2bits                     (abs)        000FA1
_PORTCbits                    (abs)        000F82
_PR2                          (abs)        000FCB
_PWMconfig                    text8        00112A
_SEN                          (abs)        007E28
_SSPADD                       (abs)        000FC8
_SSPBUF                       (abs)        000FC9
_SSPCON1                      (abs)        000FC6
_SSPCON2bits                  (abs)        000FC5
_SSPIF                        (abs)        007CF3
_SSPSTATbits                  (abs)        000FC7
_State                        bssCOMRAM    000010
_SubBCD                       text3        00107A
_T0CON                        (abs)        000FD5
_T0CONbits                    (abs)        000FD5
_T1CON                        (abs)        000FCD
_T1CONbits                    (abs)        000FCD
_T2CON                        (abs)        000FCA
_T2CONbits                    (abs)        000FCA
_T3CON                        (abs)        000FB1
_TIMERconfig                  text7        0011A8
_TMR0enable                   text34       0011DE
_TMR0interruption             text19       000D3C
_TMR1enable                   text33       0011D8
_TMR1interruption             text18       000E28
_TMR3                         (abs)        000FB2
_TMR3interruption             text17       000F98
_TRISA                        (abs)        000F92
_TRISB                        (abs)        000F93
_TRISC                        (abs)        000F94
_TRISCbits                    (abs)        000F94
_TargetTime                   dataCOMRAM   000030
_UpdateCurrentTime            text2        000420
_UpdateTimeFlag               bssCOMRAM    00000F
_UpdateTimePrescale           bssCOMRAM    00000A
_ValveEnable                  bssCOMRAM    00000C
_ValveEnableLock              bssCOMRAM    00000B
_ValveTime                    bssCOMRAM    000014
_WakeUp                       text1        000C08
_WakeUpTime                   bssCOMRAM    000001
_WaterEnable                  bssCOMRAM    00000E
_WaterEnableLock              bssCOMRAM    00000D
_WateringTime                 bssCOMRAM    000017
__HRAM                        (abs)        000000
__Habs1                       abs1         000000
__Hbank0                      bank0        000000
__Hbank1                      bank1        000000
__Hbank10                     bank10       000000
__Hbank11                     bank11       000000
__Hbank12                     bank12       000000
__Hbank13                     bank13       000000
__Hbank14                     bank14       000000
__Hbank15                     bank15       000000
__Hbank2                      bank2        000000
__Hbank3                      bank3        000000
__Hbank4                      bank4        000000
__Hbank5                      bank5        000000
__Hbank6                      bank6        000000
__Hbank7                      bank7        000000
__Hbank8                      bank8        000000
__Hbank9                      bank9        000000
__Hbigbss                     bigbss       000000
__Hbigdata                    bigdata      000000
__Hbigram                     bigram       000000
__Hbss                        bss          000000
__HbssCOMRAM                  bssCOMRAM    000000
__Hcinit                      cinit        000000
__Hclrtext                    clrtext      000000
__Hcomram                     comram       000000
__Hconfig                     config       30000E
__Hconst                      const        000000
__HcstackCOMRAM               cstackCOMRAM 000000
__Hdata                       data         000000
__HdataCOMRAM                 dataCOMRAM   000000
__Heeprom_data                eeprom_data  000000
__Hfarbss                     farbss       000000
__Hfardata                    fardata      000000
__Hibigdata                   ibigdata     000000
__Hidata                      idata        000000
__HidataCOMRAM                idataCOMRAM  000000
__Hidloc                      idloc        200008
__Hifardata                   ifardata     000000
__Hinit                       init         000012
__Hintcode                    intcode      00000E
__Hintcode_body               intcode_body 000000
__Hintcodelo                  intcodelo    00000E
__Hintentry                   intentry     000000
__Hintret                     intret       000000
__Hintsave_regs               intsave_regs 000000
__Hirdata                     irdata       000000
__Hmediumconst                mediumconst  000000
__HnvFARRAM                   nvFARRAM     000000
__Hnvbit                      nvbit        000000
__Hnvrram                     nvrram       000000
__Hparam                      rparam       000000
__Hpowerup                    powerup      00000E
__Hram                        ram          000000
__Hramtop                     ramtop       001000
__Hrbit                       rbit         000000
__Hrbss                       rbss         000000
__Hrdata                      rdata        000000
__Hreset_vec                  reset_vec    000004
__Hrparam                     rparam       000000
__Hsfr                        sfr          000000
__Hsmallconst                 smallconst   000000
__Hspace_0                    (abs)        0011E7
__Hspace_1                    (abs)        000034
__Hspace_2                    (abs)        000000
__Hspace_4                    (abs)        60000E
__Hstack                      stack        000000
__Hstruct                     struct       000000
__Htemp                       temp         000034
__Htext                       text         000000
__Htext0                      text0        000000
__Htext1                      text1        000000
__Htext10                     text10       000000
__Htext11                     text11       000000
__Htext12                     text12       000000
__Htext13                     text13       000000
__Htext14                     text14       000000
__Htext15                     text15       000000
__Htext17                     text17       000000
__Htext18                     text18       000000
__Htext19                     text19       000000
__Htext2                      text2        000000
__Htext20                     text20       000000
__Htext21                     text21       000000
__Htext22                     text22       000000
__Htext23                     text23       000000
__Htext24                     text24       000000
__Htext25                     text25       000000
__Htext26                     text26       000000
__Htext27                     text27       000000
__Htext28                     text28       000000
__Htext29                     text29       000000
__Htext3                      text3        000000
__Htext30                     text30       000000
__Htext31                     text31       000000
__Htext32                     text32       000000
__Htext33                     text33       000000
__Htext34                     text34       000000
__Htext4                      text4        000000
__Htext5                      text5        000000
__Htext6                      text6        000000
__Htext7                      text7        000000
__Htext8                      text8        000000
__Htext9                      text9        000000
__LRAM                        (abs)        000001
__Labs1                       abs1         000000
__Lbank0                      bank0        000000
__Lbank1                      bank1        000000
__Lbank10                     bank10       000000
__Lbank11                     bank11       000000
__Lbank12                     bank12       000000
__Lbank13                     bank13       000000
__Lbank14                     bank14       000000
__Lbank15                     bank15       000000
__Lbank2                      bank2        000000
__Lbank3                      bank3        000000
__Lbank4                      bank4        000000
__Lbank5                      bank5        000000
__Lbank6                      bank6        000000
__Lbank7                      bank7        000000
__Lbank8                      bank8        000000
__Lbank9                      bank9        000000
__Lbigbss                     bigbss       000000
__Lbigdata                    bigdata      000000
__Lbigram                     bigram       000000
__Lbss                        bss          000000
__LbssCOMRAM                  bssCOMRAM    000000
__Lcinit                      cinit        000000
__Lclrtext                    clrtext      000000
__Lcomram                     comram       000000
__Lconfig                     config       000000
__Lconst                      const        000000
__LcstackCOMRAM               cstackCOMRAM 000000
__Ldata                       data         000000
__LdataCOMRAM                 dataCOMRAM   000000
__Leeprom_data                eeprom_data  000000
__Lfarbss                     farbss       000000
__Lfardata                    fardata      000000
__Libigdata                   ibigdata     000000
__Lidata                      idata        000000
__LidataCOMRAM                idataCOMRAM  000000
__Lidloc                      idloc        000000
__Lifardata                   ifardata     000000
__Linit                       init         00000E
__Lintcode                    intcode      000008
__Lintcode_body               intcode_body 000000
__Lintcodelo                  intcodelo    00000E
__Lintentry                   intentry     000000
__Lintret                     intret       000000
__Lintsave_regs               intsave_regs 000000
__Lirdata                     irdata       000000
__Lmediumconst                mediumconst  000000
__LnvFARRAM                   nvFARRAM     000000
__Lnvbit                      nvbit        000000
__Lnvrram                     nvrram       000000
__Lparam                      rparam       000000
__Lpowerup                    powerup      00000E
__Lram                        ram          000000
__Lramtop                     ramtop       001000
__Lrbit                       rbit         000000
__Lrbss                       rbss         000000
__Lrdata                      rdata        000000
__Lreset_vec                  reset_vec    000000
__Lrparam                     rparam       000000
__Lsfr                        sfr          000000
__Lsmallconst                 smallconst   000000
__Lspace_0                    (abs)        000000
__Lspace_1                    (abs)        000000
__Lspace_2                    (abs)        000000
__Lspace_4                    (abs)        000000
__Lstack                      stack        000000
__Lstruct                     struct       000000
__Ltemp                       temp         000033
__Ltext                       text         000000
__Ltext0                      text0        000000
__Ltext1                      text1        000000
__Ltext10                     text10       000000
__Ltext11                     text11       000000
__Ltext12                     text12       000000
__Ltext13                     text13       000000
__Ltext14                     text14       000000
__Ltext15                     text15       000000
__Ltext17                     text17       000000
__Ltext18                     text18       000000
__Ltext19                     text19       000000
__Ltext2                      text2        000000
__Ltext20                     text20       000000
__Ltext21                     text21       000000
__Ltext22                     text22       000000
__Ltext23                     text23       000000
__Ltext24                     text24       000000
__Ltext25                     text25       000000
__Ltext26                     text26       000000
__Ltext27                     text27       000000
__Ltext28                     text28       000000
__Ltext29                     text29       000000
__Ltext3                      text3        000000
__Ltext30                     text30       000000
__Ltext31                     text31       000000
__Ltext32                     text32       000000
__Ltext33                     text33       000000
__Ltext34                     text34       000000
__Ltext4                      text4        000000
__Ltext5                      text5        000000
__Ltext6                      text6        000000
__Ltext7                      text7        000000
__Ltext8                      text8        000000
__Ltext9                      text9        000000
__S0                          (abs)        0011E7
__S1                          (abs)        000034
__S2                          (abs)        000000
__S4                          (abs)        000000
__S5                          (abs)        000000
___inthi_sp                   stack        000000
___intlo_sp                   stack        000000
___param_bank                 (abs)        000000
___rparam_used                (abs)        000001
___sp                         stack        000000
__accesstop                   (abs)        000080
__activetblptr                (abs)        000002
__end_of_AddBCD               text4        0010D2
__end_of_AnalogWrite          text15       001014
__end_of_BlinkDigit           text14       000E28
__end_of_Buzz                 text13       0011C2
__end_of_ChangeTime           text26       000C08
__end_of_DecrementTime        text22       000F98
__end_of_DecrementTimeHour    text21       000F52
__end_of_Display              text12       000A58
__end_of_GPIOconfig           text11       001168
__end_of_I2Cconfig            text10       0011D8
__end_of_INT0interruption     text27       000B62
__end_of_INT1interruption     text23       000940
__end_of_INT2interruption     text20       0007FA
__end_of_INTconfig            text9        001198
__end_of_IncrementTime        text25       000F0C
__end_of_IncrementTimeHour    text24       000EC4
__end_of_MCUconfig            text6        001182
__end_of_MCUinit              text5        0011A8
__end_of_PWMconfig            text8        00114A
__end_of_SubBCD               text3        0010A6
__end_of_TIMERconfig          text7        0011B6
__end_of_TMR0enable           text34       0011E4
__end_of_TMR0interruption     text19       000DCA
__end_of_TMR1enable           text33       0011DE
__end_of_TMR1interruption     text18       000E7C
__end_of_TMR3interruption     text17       000FDA
__end_of_UpdateCurrentTime    text2        00056A
__end_of_WakeUp               text1        000CA2
__end_of__initialization      cinit        00103E
__end_of_main                 text0        000420
__end_of_my_isr_routine       intcode_body 00107A
__end_ofi2_AddBCD             text31       00112A
__end_ofi2_Buzz               text32       0011CE
__end_ofi2_SubBCD             text30       0010FE
__end_ofi2_UpdateCurrentTime  text29       0006B4
__end_ofi2_WakeUp             text28       000D3C
__initialization              cinit        001014
__mediumconst                 mediumconst  000000
__pbssCOMRAM                  bssCOMRAM    000001
__pcinit                      cinit        001014
__pcstackCOMRAM               cstackCOMRAM 00001D
__pdataCOMRAM                 dataCOMRAM   000030
__pidataCOMRAM                idataCOMRAM  0011E4
__pintcode                    intcode      000008
__pintcode_body               intcode_body 00104C
__ptext0                      text0        000012
__ptext1                      text1        000C08
__ptext10                     text10       0011CE
__ptext11                     text11       00114A
__ptext12                     text12       000940
__ptext13                     text13       0011B6
__ptext14                     text14       000DCA
__ptext15                     text15       000FDA
__ptext17                     text17       000F98
__ptext18                     text18       000E28
__ptext19                     text19       000D3C
__ptext2                      text2        000420
__ptext20                     text20       0006B4
__ptext21                     text21       000F0C
__ptext22                     text22       000F52
__ptext23                     text23       0007FA
__ptext24                     text24       000E7C
__ptext25                     text25       000EC4
__ptext26                     text26       000B62
__ptext27                     text27       000A58
__ptext28                     text28       000CA2
__ptext29                     text29       00056A
__ptext3                      text3        00107A
__ptext30                     text30       0010D2
__ptext31                     text31       0010FE
__ptext32                     text32       0011C2
__ptext33                     text33       0011D8
__ptext34                     text34       0011DE
__ptext4                      text4        0010A6
__ptext5                      text5        001198
__ptext6                      text6        001168
__ptext7                      text7        0011A8
__ptext8                      text8        00112A
__ptext9                      text9        001182
__ramtop                      ramtop       001000
__size_of_AddBCD              (abs)        000000
__size_of_AnalogWrite         (abs)        000000
__size_of_BlinkDigit          (abs)        000000
__size_of_Buzz                (abs)        000000
__size_of_ChangeTime          (abs)        000000
__size_of_DecrementTime       (abs)        000000
__size_of_DecrementTimeHour   (abs)        000000
__size_of_Display             (abs)        000000
__size_of_GPIOconfig          (abs)        000000
__size_of_I2Cconfig           (abs)        000000
__size_of_INT0interruption    (abs)        000000
__size_of_INT1interruption    (abs)        000000
__size_of_INT2interruption    (abs)        000000
__size_of_INTconfig           (abs)        000000
__size_of_IncrementTime       (abs)        000000
__size_of_IncrementTimeHour   (abs)        000000
__size_of_MCUconfig           (abs)        000000
__size_of_MCUinit             (abs)        000000
__size_of_PWMconfig           (abs)        000000
__size_of_SubBCD              (abs)        000000
__size_of_TIMERconfig         (abs)        000000
__size_of_TMR0enable          (abs)        000000
__size_of_TMR0interruption    (abs)        000000
__size_of_TMR1enable          (abs)        000000
__size_of_TMR1interruption    (abs)        000000
__size_of_TMR3interruption    (abs)        000000
__size_of_UpdateCurrentTime   (abs)        000000
__size_of_WakeUp              (abs)        000000
__size_of_main                (abs)        000000
__size_of_my_isr_routine      (abs)        000000
__size_ofi2_AddBCD            (abs)        000000
__size_ofi2_Buzz              (abs)        000000
__size_ofi2_SubBCD            (abs)        000000
__size_ofi2_UpdateCurrentTime (abs)        000000
__size_ofi2_WakeUp            (abs)        000000
__smallconst                  smallconst   000000
_main                         text0        000012
_my_isr_routine               intcode      000008
btemp                         temp         000033
end_of_initialization         cinit        00103E
i2AddBCD@Number1              cstackCOMRAM 00001F
i2AddBCD@Number2              cstackCOMRAM 00001D
i2AddBCD@temp                 cstackCOMRAM 000020
i2SubBCD@Number1              cstackCOMRAM 00001F
i2SubBCD@Number2              cstackCOMRAM 00001D
i2SubBCD@temp                 cstackCOMRAM 000020
i2_AddBCD                     text31       0010FE
i2_Buzz                       text32       0011C2
i2_SubBCD                     text30       0010D2
i2_UpdateCurrentTime          text29       00056A
i2_WakeUp                     text28       000CA2
int$flags                     temp         000033
int_func                      intcode_body 00104C
intlevel0                     text         000000
intlevel1                     text         000000
intlevel2                     text         000000
intlevel3                     text         000000
isa$std                       (abs)        000001
isa$xinst                     (abs)        000000
stackhi                       (abs)        000F7F
stacklo                       (abs)        000080
start                         init         00000E
start_initialization          cinit        001014
ttemp5                        temp         000034
ttemp6                        temp         000037
ttemp7                        temp         00003B
wtemp8                        temp         000034


MODULE INFORMATION

Module		Function		Class		Link	Load	Size
shared
		i2_AddBCD      		CODE           	10FE	0000	44
		i2_UpdateCurrentTime		CODE           	056A	0000	330
		i2_WakeUp      		CODE           	0CA2	0000	154
		__initialization		CODE           	1014	0000	42
		i2_Buzz        		CODE           	11C2	0000	12
		i2_SubBCD      		CODE           	10D2	0000	44

shared estimated size: 626

main.c
		_IncrementTimeHour		CODE           	0E7C	0000	72
		_Buzz          		CODE           	11B6	0000	12
		_UpdateCurrentTime		CODE           	0420	0000	330
		_BlinkDigit    		CODE           	0DCA	0000	94
		_INT0interruption		CODE           	0A58	0000	266
		_TMR0interruption		CODE           	0D3C	0000	142
		_TMR0enable    		CODE           	11DE	0000	6
		_INT1interruption		CODE           	07FA	0000	326
		_TMR1interruption		CODE           	0E28	0000	84
		_SubBCD        		CODE           	107A	0000	44
		_main          		CODE           	0012	0000	1038
		_TMR1enable    		CODE           	11D8	0000	6
		_INT2interruption		CODE           	06B4	0000	326
		_TIMERconfig   		CODE           	11A8	0000	14
		_GPIOconfig    		CODE           	114A	0000	30
		_TMR3interruption		CODE           	0F98	0000	66
		_I2Cconfig     		CODE           	11CE	0000	10
		_DecrementTime 		CODE           	0F52	0000	70
		_WakeUp        		CODE           	0C08	0000	154
		_my_isr_routine		CODE           	0008	0000	52
		_MCUconfig     		CODE           	1168	0000	26
		_PWMconfig     		CODE           	112A	0000	32
		_INTconfig     		CODE           	1182	0000	22
		_IncrementTime 		CODE           	0EC4	0000	72
		_DecrementTimeHour		CODE           	0F0C	0000	70
		_AddBCD        		CODE           	10A6	0000	44
		_Display       		CODE           	0940	0000	280
		_MCUinit       		CODE           	1198	0000	16
		_ChangeTime    		CODE           	0B62	0000	166
		_AnalogWrite   		CODE           	0FDA	0000	58

main.c estimated size: 3928

