Microchip MPLAB XC8 Compiler V2.32

Linker command line:

-W-3 --edf=E:\Program Files\Microchip\xc8\v2.32\pic\dat\en_msgs.txt -cn \
  -h+dist/default/production\Firmware.production.sym \
  --cmf=dist/default/production\Firmware.production.cmf -z -Q18F2620 \
  -oC:\Users\Mateus\AppData\Local\Temp\xcAsqs.4 --defsym=__MPLAB_BUILD=1 \
  -Mdist/default/production/Firmware.production.map -E1 -ver=XC8 Compiler \
  --acfsm=1493 -ASTACK=080h-0F7Fh -pstack=STACK -ACODE=00h-0FFFFh \
  -ACONST=00h-0FFFFh -ASMALLCONST=01000h-010FFhx240 \
  -AMEDIUMCONST=01000h-0FFFFh -ACOMRAM=01h-07Fh -AABS1=00h-0F7Fh \
  -ABIGRAM=01h-0F7Fh -ARAM=080h-0FFh,0100h-01FFhx14,0F00h-0F7Fh \
  -ABANK0=080h-0FFh -ABANK1=0100h-01FFh -ABANK2=0200h-02FFh \
  -ABANK3=0300h-03FFh -ABANK4=0400h-04FFh -ABANK5=0500h-05FFh \
  -ABANK6=0600h-06FFh -ABANK7=0700h-07FFh -ABANK8=0800h-08FFh \
  -ABANK9=0900h-09FFh -ABANK10=0A00h-0AFFh -ABANK11=0B00h-0BFFh \
  -ABANK12=0C00h-0CFFh -ABANK13=0D00h-0DFFh -ABANK14=0E00h-0EFFh \
  -ABANK15=0F00h-0F7Fh -ASFR=0F80h-0FFFh -ACONFIG=0300000h-030000Dh \
  -AIDLOC=0200000h-0200007h -AEEDATA=0F00000h-0F003FFh -peeprom_data=EEDATA \
  -preset_vec=00h,intcode=08h,intcodelo,powerup,init -pramtop=01000h \
  -psmallconst=SMALLCONST -pmediumconst=MEDIUMCONST -pconst=CONST \
  -AFARRAM=00h-00h \
  -prdata=COMRAM,nvrram=COMRAM,nvbit=COMRAM,rbss=COMRAM,rbit=COMRAM \
  -pfarbss=FARRAM,fardata=FARRAM,nvFARRAM=FARRAM \
  -pintsave_regs=BIGRAM,bigbss=BIGRAM,bigdata=BIGRAM -pbss=RAM \
  -pidata=CODE,irdata=CODE,ibigdata=CODE,ifardata=CODE -prparam=COMRAM \
  C:\Users\Mateus\AppData\Local\Temp\xcAsqs.o \
  dist/default/production\Firmware.production.o 

Object code version is 3.11

Machine type is 18F2620



                Name                               Link     Load   Length Selector   Space Scale
C:\Users\Mateus\AppData\Local\Temp\xcAsqs.o
                idloc                            200000   200000        8        0       5
                config                           300000   300000        E        0       4
                init                                  E        E        4        4       0
                reset_vec                             0        0        4        0       0
dist/default/production\Firmware.production.o
                intcode                               8        8        6        4       0
                idloc                            200000   200000        8        0       5
                config                           300000   300000        E        0       4
                temp                                 2F       2F        1        1       1
                text28                             1198     1198        C        4       0
                text27                             11B4     11B4        6        4       0
                text26                             11AE     11AE        6        4       0
                text25                             10A4     10A4       2C        4       0
                text24                             1078     1078       2C        4       0
                text23                              974      974      14A        4       0
                text22                              E20      E20       9A        4       0
                text21                              BD6      BD6      10A        4       0
                text20                              CE0      CE0       A6        4       0
                text19                              40E      40E      216        4       0
                text18                              624      624      206        4       0
                text17                              EBA      EBA       8E        4       0
                text16                             10D0     10D0       22        4       0
                text15                              FA6      FA6       42        4       0
                intcode_body                       1130     1130       1E        4       0
                text13                              F48      F48       5E        4       0
                text12                             1112     1112       1E        4       0
                text11                             11A4     11A4        A        4       0
                text10                             1168     1168       16        4       0
                text9                              10F2     10F2       20        4       0
                text8                              117E     117E        E        4       0
                text7                              114E     114E       1A        4       0
                text6                               ABE      ABE      118        4       0
                text5                              118C     118C        C        4       0
                text4                              104C     104C       2C        4       0
                text3                              1020     1020       2C        4       0
                text2                               82A      82A      14A        4       0
                text1                               D86      D86       9A        4       0
                text0                                12       12      3FC        4       0
                cstackCOMRAM                         1D       1D        F        1       1
                dataCOMRAM                           2C       2C        3        1       1
                bssCOMRAM                             1        1       1C        1       1
                cinit                               FE8      FE8       38        4       0
                idataCOMRAM                        11BA     11BA        3        4       0

TOTAL           Name                               Link     Load   Length     Space
        CLASS   STACK          

        CLASS   CODE           
                intcode                               8        8        6         0
                init                                  E        E        4         0
                reset_vec                             0        0        4         0
                text28                             1198     1198        C         0
                text27                             11B4     11B4        6         0
                text26                             11AE     11AE        6         0
                text25                             10A4     10A4       2C         0
                text24                             1078     1078       2C         0
                text23                              974      974      14A         0
                text22                              E20      E20       9A         0
                text21                              BD6      BD6      10A         0
                text20                              CE0      CE0       A6         0
                text19                              40E      40E      216         0
                text18                              624      624      206         0
                text17                              EBA      EBA       8E         0
                text16                             10D0     10D0       22         0
                text15                              FA6      FA6       42         0
                intcode_body                       1130     1130       1E         0
                text13                              F48      F48       5E         0
                text12                             1112     1112       1E         0
                text11                             11A4     11A4        A         0
                text10                             1168     1168       16         0
                text9                              10F2     10F2       20         0
                text8                              117E     117E        E         0
                text7                              114E     114E       1A         0
                text6                               ABE      ABE      118         0
                text5                              118C     118C        C         0
                text4                              104C     104C       2C         0
                text3                              1020     1020       2C         0
                text2                               82A      82A      14A         0
                text1                               D86      D86       9A         0
                text0                                12       12      3FC         0
                cinit                               FE8      FE8       38         0
                idataCOMRAM                        11BA     11BA        3         0

        CLASS   CONST          

        CLASS   SMALLCONST     

        CLASS   MEDIUMCONST    

        CLASS   COMRAM         
                temp                                 2F       2F        1         1
                cstackCOMRAM                         1D       1D        F         1
                dataCOMRAM                           2C       2C        3         1
                bssCOMRAM                             1        1       1C         1

        CLASS   ABS1           

        CLASS   BIGRAM         

        CLASS   RAM            

        CLASS   BANK0          

        CLASS   BANK1          

        CLASS   BANK2          

        CLASS   BANK3          

        CLASS   BANK4          

        CLASS   BANK5          

        CLASS   BANK6          

        CLASS   BANK7          

        CLASS   BANK8          

        CLASS   BANK9          

        CLASS   BANK10         

        CLASS   BANK11         

        CLASS   BANK12         

        CLASS   BANK13         

        CLASS   BANK14         

        CLASS   BANK15         

        CLASS   SFR            

        CLASS   CONFIG         
                config                           300000   300000        E         4

        CLASS   IDLOC          
                idloc                            200000   200000        8         5

        CLASS   EEDATA         

        CLASS   FARRAM         



SEGMENTS        Name                           Load    Length   Top    Selector   Space  Class

                reset_vec                      000000  000004  000004         0       0  CODE    
                bssCOMRAM                      000001  00002F  000030         1       1  COMRAM  
                intcode                        000008  0011B5  0011BD         4       0  CODE    


UNUSED ADDRESS RANGES

        Name                Unused          Largest block    Delta
        BANK0            000080-0000FF               80
        BANK1            000100-0001FF              100
        BANK10           000A00-000AFF              100
        BANK11           000B00-000BFF              100
        BANK12           000C00-000CFF              100
        BANK13           000D00-000DFF              100
        BANK14           000E00-000EFF              100
        BANK15           000F00-000F7F               80
        BANK2            000200-0002FF              100
        BANK3            000300-0003FF              100
        BANK4            000400-0004FF              100
        BANK5            000500-0005FF              100
        BANK6            000600-0006FF              100
        BANK7            000700-0007FF              100
        BANK8            000800-0008FF              100
        BANK9            000900-0009FF              100
        BIGRAM           000030-000F7F              F50
        CODE             000004-000007                4
                         0011BD-00FFFF             EE43
        COMRAM           000030-00007F               50
        CONST            000004-000007                4
                         0011BD-00FFFF             EE43
        EEDATA           F00000-F003FF              400
        MEDIUMCONST      0011BD-00FFFF             EE43
        RAM              000080-000F7F              100
        SFR              000F80-000FFF               80
        SMALLCONST       0011BD-00FFFF              100
        STACK            000080-000F7F              F00

                                  Symbol Table

AddBCD@Number1                cstackCOMRAM 000026
AddBCD@Number2                cstackCOMRAM 000024
AddBCD@temp                   cstackCOMRAM 000027
BlinkDigit@index              cstackCOMRAM 000026
ChangeTime@Address            cstackCOMRAM 00001E
ChangeTime@Time               cstackCOMRAM 00001D
Display@Hours                 cstackCOMRAM 000029
Display@Lower_Hours           cstackCOMRAM 000026
Display@Lower_Minutes         cstackCOMRAM 000028
Display@Minutes               cstackCOMRAM 000024
Display@Upper_Hours           cstackCOMRAM 000025
Display@Upper_Minutes         cstackCOMRAM 000027
SubBCD@Number1                cstackCOMRAM 000026
SubBCD@Number2                cstackCOMRAM 000024
SubBCD@temp                   cstackCOMRAM 000027
_ACKEN                        (abs)        007E2C
_AddBCD                       text4        00104C
_Blink                        bssCOMRAM    00001A
_BlinkDigit                   text13       000F48
_Blink_First_Digit            bssCOMRAM    00001C
_Blink_Second_Digit           bssCOMRAM    00001B
_Buzz                         text28       001198
_BuzzerFlag                   bssCOMRAM    000012
_CCP1CON                      (abs)        000FBD
_CCP1CONbits                  (abs)        000FBD
_CCPR1L                       (abs)        000FBE
_ChangeTime                   text20       000CE0
_CurrentTime                  bssCOMRAM    00000A
_CurrentValveTime             bssCOMRAM    00000D
_CurrentWateringTime          bssCOMRAM    00000F
_Display                      text6        000ABE
_GPIOconfig                   text12       001112
_I2Cconfig                    text11       0011A4
_INT0interruption             text21       000BD6
_INT1interruption             text19       00040E
_INT2interruption             text18       000624
_INTCON                       (abs)        000FF2
_INTCON2                      (abs)        000FF1
_INTCON3                      (abs)        000FF0
_INTCON3bits                  (abs)        000FF0
_INTCONbits                   (abs)        000FF2
_INTconfig                    text10       001168
_LATA                         (abs)        000F89
_LATB                         (abs)        000F8A
_LastSecond                   bssCOMRAM    000011
_MCUconfig                    text7        00114E
_MCUinit                      text5        00118C
_OSCCON                       (abs)        000FD3
_PEN                          (abs)        007E2A
_PIE1                         (abs)        000F9D
_PIE1bits                     (abs)        000F9D
_PIE2                         (abs)        000FA0
_PIE2bits                     (abs)        000FA0
_PIR1bits                     (abs)        000F9E
_PIR2bits                     (abs)        000FA1
_PORTCbits                    (abs)        000F82
_PR2                          (abs)        000FCB
_PWMconfig                    text9        0010F2
_SEN                          (abs)        007E28
_SSPADD                       (abs)        000FC8
_SSPBUF                       (abs)        000FC9
_SSPCON1                      (abs)        000FC6
_SSPCON2bits                  (abs)        000FC5
_SSPIF                        (abs)        007CF3
_SSPSTATbits                  (abs)        000FC7
_State                        bssCOMRAM    000019
_SubBCD                       text3        001020
_T0CON                        (abs)        000FD5
_T0CONbits                    (abs)        000FD5
_T1CON                        (abs)        000FCD
_T1CONbits                    (abs)        000FCD
_T2CON                        (abs)        000FCA
_T2CONbits                    (abs)        000FCA
_T3CON                        (abs)        000FB1
_TIMERconfig                  text8        00117E
_TMR0enable                   text27       0011B4
_TMR0interruption             text17       000EBA
_TMR1enable                   text26       0011AE
_TMR1interruption             text16       0010D0
_TMR3                         (abs)        000FB2
_TMR3interruption             text15       000FA6
_TRISA                        (abs)        000F92
_TRISB                        (abs)        000F93
_TRISC                        (abs)        000F94
_TRISCbits                    (abs)        000F94
_TargetTime                   dataCOMRAM   00002C
_UpdateCurrentTime            text2        00082A
_UpdateTimeFlag               bssCOMRAM    000018
_UpdateTimePrescale           bssCOMRAM    000013
_ValveEnable                  bssCOMRAM    000015
_ValveEnableLock              bssCOMRAM    000014
_ValveTime                    bssCOMRAM    000001
_WakeUp                       text1        000D86
_WakeUpTime                   bssCOMRAM    000007
_WaterEnable                  bssCOMRAM    000017
_WaterEnableLock              bssCOMRAM    000016
_WateringTime                 bssCOMRAM    000004
__HRAM                        (abs)        000000
__Habs1                       abs1         000000
__Hbank0                      bank0        000000
__Hbank1                      bank1        000000
__Hbank10                     bank10       000000
__Hbank11                     bank11       000000
__Hbank12                     bank12       000000
__Hbank13                     bank13       000000
__Hbank14                     bank14       000000
__Hbank15                     bank15       000000
__Hbank2                      bank2        000000
__Hbank3                      bank3        000000
__Hbank4                      bank4        000000
__Hbank5                      bank5        000000
__Hbank6                      bank6        000000
__Hbank7                      bank7        000000
__Hbank8                      bank8        000000
__Hbank9                      bank9        000000
__Hbigbss                     bigbss       000000
__Hbigdata                    bigdata      000000
__Hbigram                     bigram       000000
__Hbss                        bss          000000
__HbssCOMRAM                  bssCOMRAM    000000
__Hcinit                      cinit        000000
__Hclrtext                    clrtext      000000
__Hcomram                     comram       000000
__Hconfig                     config       30000E
__Hconst                      const        000000
__HcstackCOMRAM               cstackCOMRAM 000000
__Hdata                       data         000000
__HdataCOMRAM                 dataCOMRAM   000000
__Heeprom_data                eeprom_data  000000
__Hfarbss                     farbss       000000
__Hfardata                    fardata      000000
__Hibigdata                   ibigdata     000000
__Hidata                      idata        000000
__HidataCOMRAM                idataCOMRAM  000000
__Hidloc                      idloc        200008
__Hifardata                   ifardata     000000
__Hinit                       init         000012
__Hintcode                    intcode      00000E
__Hintcode_body               intcode_body 000000
__Hintcodelo                  intcodelo    00000E
__Hintentry                   intentry     000000
__Hintret                     intret       000000
__Hintsave_regs               intsave_regs 000000
__Hirdata                     irdata       000000
__Hmediumconst                mediumconst  000000
__HnvFARRAM                   nvFARRAM     000000
__Hnvbit                      nvbit        000000
__Hnvrram                     nvrram       000000
__Hparam                      rparam       000000
__Hpowerup                    powerup      00000E
__Hram                        ram          000000
__Hramtop                     ramtop       001000
__Hrbit                       rbit         000000
__Hrbss                       rbss         000000
__Hrdata                      rdata        000000
__Hreset_vec                  reset_vec    000004
__Hrparam                     rparam       000000
__Hsfr                        sfr          000000
__Hsmallconst                 smallconst   000000
__Hspace_0                    (abs)        0011BD
__Hspace_1                    (abs)        000030
__Hspace_2                    (abs)        000000
__Hspace_4                    (abs)        60000E
__Hstack                      stack        000000
__Hstruct                     struct       000000
__Htemp                       temp         000030
__Htext                       text         000000
__Htext0                      text0        000000
__Htext1                      text1        000000
__Htext10                     text10       000000
__Htext11                     text11       000000
__Htext12                     text12       000000
__Htext13                     text13       000000
__Htext15                     text15       000000
__Htext16                     text16       000000
__Htext17                     text17       000000
__Htext18                     text18       000000
__Htext19                     text19       000000
__Htext2                      text2        000000
__Htext20                     text20       000000
__Htext21                     text21       000000
__Htext22                     text22       000000
__Htext23                     text23       000000
__Htext24                     text24       000000
__Htext25                     text25       000000
__Htext26                     text26       000000
__Htext27                     text27       000000
__Htext28                     text28       000000
__Htext3                      text3        000000
__Htext4                      text4        000000
__Htext5                      text5        000000
__Htext6                      text6        000000
__Htext7                      text7        000000
__Htext8                      text8        000000
__Htext9                      text9        000000
__LRAM                        (abs)        000001
__Labs1                       abs1         000000
__Lbank0                      bank0        000000
__Lbank1                      bank1        000000
__Lbank10                     bank10       000000
__Lbank11                     bank11       000000
__Lbank12                     bank12       000000
__Lbank13                     bank13       000000
__Lbank14                     bank14       000000
__Lbank15                     bank15       000000
__Lbank2                      bank2        000000
__Lbank3                      bank3        000000
__Lbank4                      bank4        000000
__Lbank5                      bank5        000000
__Lbank6                      bank6        000000
__Lbank7                      bank7        000000
__Lbank8                      bank8        000000
__Lbank9                      bank9        000000
__Lbigbss                     bigbss       000000
__Lbigdata                    bigdata      000000
__Lbigram                     bigram       000000
__Lbss                        bss          000000
__LbssCOMRAM                  bssCOMRAM    000000
__Lcinit                      cinit        000000
__Lclrtext                    clrtext      000000
__Lcomram                     comram       000000
__Lconfig                     config       000000
__Lconst                      const        000000
__LcstackCOMRAM               cstackCOMRAM 000000
__Ldata                       data         000000
__LdataCOMRAM                 dataCOMRAM   000000
__Leeprom_data                eeprom_data  000000
__Lfarbss                     farbss       000000
__Lfardata                    fardata      000000
__Libigdata                   ibigdata     000000
__Lidata                      idata        000000
__LidataCOMRAM                idataCOMRAM  000000
__Lidloc                      idloc        000000
__Lifardata                   ifardata     000000
__Linit                       init         00000E
__Lintcode                    intcode      000008
__Lintcode_body               intcode_body 000000
__Lintcodelo                  intcodelo    00000E
__Lintentry                   intentry     000000
__Lintret                     intret       000000
__Lintsave_regs               intsave_regs 000000
__Lirdata                     irdata       000000
__Lmediumconst                mediumconst  000000
__LnvFARRAM                   nvFARRAM     000000
__Lnvbit                      nvbit        000000
__Lnvrram                     nvrram       000000
__Lparam                      rparam       000000
__Lpowerup                    powerup      00000E
__Lram                        ram          000000
__Lramtop                     ramtop       001000
__Lrbit                       rbit         000000
__Lrbss                       rbss         000000
__Lrdata                      rdata        000000
__Lreset_vec                  reset_vec    000000
__Lrparam                     rparam       000000
__Lsfr                        sfr          000000
__Lsmallconst                 smallconst   000000
__Lspace_0                    (abs)        000000
__Lspace_1                    (abs)        000000
__Lspace_2                    (abs)        000000
__Lspace_4                    (abs)        000000
__Lstack                      stack        000000
__Lstruct                     struct       000000
__Ltemp                       temp         00002F
__Ltext                       text         000000
__Ltext0                      text0        000000
__Ltext1                      text1        000000
__Ltext10                     text10       000000
__Ltext11                     text11       000000
__Ltext12                     text12       000000
__Ltext13                     text13       000000
__Ltext15                     text15       000000
__Ltext16                     text16       000000
__Ltext17                     text17       000000
__Ltext18                     text18       000000
__Ltext19                     text19       000000
__Ltext2                      text2        000000
__Ltext20                     text20       000000
__Ltext21                     text21       000000
__Ltext22                     text22       000000
__Ltext23                     text23       000000
__Ltext24                     text24       000000
__Ltext25                     text25       000000
__Ltext26                     text26       000000
__Ltext27                     text27       000000
__Ltext28                     text28       000000
__Ltext3                      text3        000000
__Ltext4                      text4        000000
__Ltext5                      text5        000000
__Ltext6                      text6        000000
__Ltext7                      text7        000000
__Ltext8                      text8        000000
__Ltext9                      text9        000000
__S0                          (abs)        0011BD
__S1                          (abs)        000030
__S2                          (abs)        000000
__S4                          (abs)        000000
__S5                          (abs)        000000
___inthi_sp                   stack        000000
___intlo_sp                   stack        000000
___param_bank                 (abs)        000000
___rparam_used                (abs)        000001
___sp                         stack        000000
__accesstop                   (abs)        000080
__activetblptr                (abs)        000002
__end_of_AddBCD               text4        001078
__end_of_BlinkDigit           text13       000FA6
__end_of_Buzz                 text28       0011A4
__end_of_ChangeTime           text20       000D86
__end_of_Display              text6        000BD6
__end_of_GPIOconfig           text12       001130
__end_of_I2Cconfig            text11       0011AE
__end_of_INT0interruption     text21       000CE0
__end_of_INT1interruption     text19       000624
__end_of_INT2interruption     text18       00082A
__end_of_INTconfig            text10       00117E
__end_of_MCUconfig            text7        001168
__end_of_MCUinit              text5        001198
__end_of_PWMconfig            text9        001112
__end_of_SubBCD               text3        00104C
__end_of_TIMERconfig          text8        00118C
__end_of_TMR0enable           text27       0011BA
__end_of_TMR0interruption     text17       000F48
__end_of_TMR1enable           text26       0011B4
__end_of_TMR1interruption     text16       0010F2
__end_of_TMR3interruption     text15       000FE8
__end_of_UpdateCurrentTime    text2        000974
__end_of_WakeUp               text1        000E20
__end_of__initialization      cinit        001012
__end_of_main                 text0        00040E
__end_of_my_isr_routine       intcode_body 00114E
__end_ofi2_AddBCD             text25       0010D0
__end_ofi2_SubBCD             text24       0010A4
__end_ofi2_UpdateCurrentTime  text23       000ABE
__end_ofi2_WakeUp             text22       000EBA
__initialization              cinit        000FE8
__mediumconst                 mediumconst  000000
__pbssCOMRAM                  bssCOMRAM    000001
__pcinit                      cinit        000FE8
__pcstackCOMRAM               cstackCOMRAM 00001D
__pdataCOMRAM                 dataCOMRAM   00002C
__pidataCOMRAM                idataCOMRAM  0011BA
__pintcode                    intcode      000008
__pintcode_body               intcode_body 001130
__ptext0                      text0        000012
__ptext1                      text1        000D86
__ptext10                     text10       001168
__ptext11                     text11       0011A4
__ptext12                     text12       001112
__ptext13                     text13       000F48
__ptext15                     text15       000FA6
__ptext16                     text16       0010D0
__ptext17                     text17       000EBA
__ptext18                     text18       000624
__ptext19                     text19       00040E
__ptext2                      text2        00082A
__ptext20                     text20       000CE0
__ptext21                     text21       000BD6
__ptext22                     text22       000E20
__ptext23                     text23       000974
__ptext24                     text24       001078
__ptext25                     text25       0010A4
__ptext26                     text26       0011AE
__ptext27                     text27       0011B4
__ptext28                     text28       001198
__ptext3                      text3        001020
__ptext4                      text4        00104C
__ptext5                      text5        00118C
__ptext6                      text6        000ABE
__ptext7                      text7        00114E
__ptext8                      text8        00117E
__ptext9                      text9        0010F2
__ramtop                      ramtop       001000
__size_of_AddBCD              (abs)        000000
__size_of_BlinkDigit          (abs)        000000
__size_of_Buzz                (abs)        000000
__size_of_ChangeTime          (abs)        000000
__size_of_Display             (abs)        000000
__size_of_GPIOconfig          (abs)        000000
__size_of_I2Cconfig           (abs)        000000
__size_of_INT0interruption    (abs)        000000
__size_of_INT1interruption    (abs)        000000
__size_of_INT2interruption    (abs)        000000
__size_of_INTconfig           (abs)        000000
__size_of_MCUconfig           (abs)        000000
__size_of_MCUinit             (abs)        000000
__size_of_PWMconfig           (abs)        000000
__size_of_SubBCD              (abs)        000000
__size_of_TIMERconfig         (abs)        000000
__size_of_TMR0enable          (abs)        000000
__size_of_TMR0interruption    (abs)        000000
__size_of_TMR1enable          (abs)        000000
__size_of_TMR1interruption    (abs)        000000
__size_of_TMR3interruption    (abs)        000000
__size_of_UpdateCurrentTime   (abs)        000000
__size_of_WakeUp              (abs)        000000
__size_of_main                (abs)        000000
__size_of_my_isr_routine      (abs)        000000
__size_ofi2_AddBCD            (abs)        000000
__size_ofi2_SubBCD            (abs)        000000
__size_ofi2_UpdateCurrentTime (abs)        000000
__size_ofi2_WakeUp            (abs)        000000
__smallconst                  smallconst   000000
_main                         text0        000012
_my_isr_routine               intcode      000008
btemp                         temp         00002F
end_of_initialization         cinit        001012
i2AddBCD@Number1              cstackCOMRAM 00001F
i2AddBCD@Number2              cstackCOMRAM 00001D
i2AddBCD@temp                 cstackCOMRAM 000020
i2SubBCD@Number1              cstackCOMRAM 00001F
i2SubBCD@Number2              cstackCOMRAM 00001D
i2SubBCD@temp                 cstackCOMRAM 000020
i2_AddBCD                     text25       0010A4
i2_SubBCD                     text24       001078
i2_UpdateCurrentTime          text23       000974
i2_WakeUp                     text22       000E20
int$flags                     temp         00002F
int_func                      intcode_body 001130
intlevel0                     text         000000
intlevel1                     text         000000
intlevel2                     text         000000
intlevel3                     text         000000
isa$std                       (abs)        000001
isa$xinst                     (abs)        000000
stackhi                       (abs)        000F7F
stacklo                       (abs)        000080
start                         init         00000E
start_initialization          cinit        000FE8
ttemp5                        temp         000030
ttemp6                        temp         000033
ttemp7                        temp         000037
wtemp8                        temp         000030


MODULE INFORMATION

Module		Function		Class		Link	Load	Size
shared
		i2_AddBCD      		CODE           	10A4	0000	44
		i2_UpdateCurrentTime		CODE           	0974	0000	330
		i2_WakeUp      		CODE           	0E20	0000	154
		__initialization		CODE           	0FE8	0000	42
		i2_SubBCD      		CODE           	1078	0000	44

shared estimated size: 614

main.c
		_Buzz          		CODE           	1198	0000	12
		_UpdateCurrentTime		CODE           	082A	0000	330
		_BlinkDigit    		CODE           	0F48	0000	94
		_INT0interruption		CODE           	0BD6	0000	266
		_TMR0interruption		CODE           	0EBA	0000	142
		_TMR0enable    		CODE           	11B4	0000	6
		_INT1interruption		CODE           	040E	0000	534
		_TMR1interruption		CODE           	10D0	0000	34
		_SubBCD        		CODE           	1020	0000	44
		_main          		CODE           	0012	0000	1020
		_TMR1enable    		CODE           	11AE	0000	6
		_INT2interruption		CODE           	0624	0000	518
		_TIMERconfig   		CODE           	117E	0000	14
		_GPIOconfig    		CODE           	1112	0000	30
		_TMR3interruption		CODE           	0FA6	0000	66
		_I2Cconfig     		CODE           	11A4	0000	10
		_WakeUp        		CODE           	0D86	0000	154
		_my_isr_routine		CODE           	0008	0000	36
		_MCUconfig     		CODE           	114E	0000	26
		_PWMconfig     		CODE           	10F2	0000	32
		_INTconfig     		CODE           	1168	0000	22
		_AddBCD        		CODE           	104C	0000	44
		_Display       		CODE           	0ABE	0000	280
		_MCUinit       		CODE           	118C	0000	12
		_ChangeTime    		CODE           	0CE0	0000	166

main.c estimated size: 3898

